// Vitest Snapshot v1, https://vitest.dev/guide/snapshot.html

exports[`Global EInput > Label > should render label 1`] = `
"<div class=\\"v-col v-col-12\\">
  <div class=\\"v-input v-input--horizontal v-input--center-affix v-input--density-compact v-locale--is-ltr v-text-field\\">
    <!---->
    <div class=\\"v-input__control\\">
      <div class=\\"v-field v-field--center-affix v-field--flat v-field--variant-outlined v-theme--light v-locale--is-ltr\\" role=\\"textbox\\">
        <div class=\\"v-field__overlay\\"></div>
        <div class=\\"v-field__loader\\">
          <div class=\\"v-progress-linear v-theme--light v-locale--is-ltr\\" style=\\"top: 0px; height: 0px; --v-progress-linear-height: 2px; left: 50%; transform: translateX(-50%);\\" role=\\"progressbar\\" aria-hidden=\\"true\\" aria-valuemin=\\"0\\" aria-valuemax=\\"100\\">
            <!---->
            <div class=\\"v-progress-linear__background\\" style=\\"width: 100%;\\"></div>
            <transition-stub name=\\"fade-transition\\" appear=\\"false\\" persisted=\\"false\\" css=\\"true\\">
              <div class=\\"v-progress-linear__indeterminate\\">
                <div class=\\"v-progress-linear__indeterminate long\\"></div>
                <div class=\\"v-progress-linear__indeterminate short\\"></div>
              </div>
            </transition-stub>
            <!---->
          </div>
        </div>
        <!---->
        <div class=\\"v-field__field\\" data-no-activator=\\"\\">
          <!----><label class=\\"v-label v-field-label\\" for=\\"vi\\">
            <!---->
            <!--v-if--><span data-test=\\"input-label\\"></span>
          </label>
          <!---->
          <div class=\\"v-field__input\\" data-no-activator=\\"\\"><input size=\\"1\\" type=\\"text\\" id=\\"vi\\" aria-describedby=\\"vi-messages\\" cols=\\"12\\" title=\\"vi\\"></div>
          <!---->
        </div>
        <!---->
        <!---->
        <div class=\\"v-field__outline\\">
          <div class=\\"v-field__outline__start\\"></div>
          <div class=\\"v-field__outline__notch\\"><label class=\\"v-label v-field-label v-field-label--floating\\" aria-hidden=\\"true\\" for=\\"vi\\">
              <!---->
              <!--v-if--><span data-test=\\"input-label\\"></span>
            </label></div>
          <div class=\\"v-field__outline__end\\"></div>
          <!---->
        </div>
      </div>
    </div>
    <!---->
    <div class=\\"v-input__details\\">
      <transition-group-stub name=\\"slide-y-transition\\" tag=\\"div\\" appear=\\"false\\" persisted=\\"false\\" css=\\"true\\" class=\\"v-messages\\" role=\\"alert\\" aria-live=\\"polite\\" id=\\"vi-messages\\">
        <!---->
      </transition-group-stub>
      <!---->
    </div>
  </div>
</div>"
`;
