// Vitest Snapshot v1, https://vitest.dev/guide/snapshot.html

exports[`ELangSwitcher > should try methods 1`] = `"<molecules-e-input-wrapper data-v-2bec278d=\\"\\" id=\\"language\\" modelvalue=\\"[object Object]\\" type=\\"select\\" items=\\"[object Object],[object Object]\\" background-color=\\"transparent\\" class=\\"mt-5\\" item-text=\\"value.name\\" item-value=\\"value.code\\" full-width=\\"\\" menu-props=\\"[object Object]\\"></molecules-e-input-wrapper>"`;
